Loading MDM results from: /home/sigma/skibidi/motion-diffusion-model/save/humanml_enc_512_50steps/samples_humanml_enc_512_50steps_000750000_seed10_a_person_is_dancing/results.npy
Motion shape: (1, 22, 3, 120)  |  valid frames: 120
Using first sample: (120, 22, 3)

Fitting SMPL parameters (120 frames) via SMPLify-3D...
./body_models/
WARNING: You are using a SMPL model, with only 10 shape coefficients.
Traceback (most recent call last):
  File "/home/sigma/skibidi/motion-diffusion-model/sample/extract_smpl_params.py", line 163, in <module>
    main()
  File "/home/sigma/skibidi/motion-diffusion-model/sample/extract_smpl_params.py", line 158, in main
    cuda=cuda,
  File "/home/sigma/skibidi/motion-diffusion-model/sample/extract_smpl_params.py", line 101, in extract_smpl_params
    conf_3d=confidence,
  File "/home/sigma/skibidi/motion-diffusion-model/visualize/joints2smpl/src/smplify.py", line 183, in __call__
    camera_optimizer.step(closure)
  File "/home/sigma/anaconda3/envs/mdm/lib/python3.7/site-packages/torch/autograd/grad_mode.py", line 26, in decorate_context
    return func(*args, **kwargs)
  File "/home/sigma/anaconda3/envs/mdm/lib/python3.7/site-packages/torch/optim/lbfgs.py", line 426, in step
    obj_func, x_init, t, d, loss, flat_grad, gtd)
  File "/home/sigma/anaconda3/envs/mdm/lib/python3.7/site-packages/torch/optim/lbfgs.py", line 49, in _strong_wolfe
    f_new, g_new = obj_func(x, t, d)
  File "/home/sigma/anaconda3/envs/mdm/lib/python3.7/site-packages/torch/optim/lbfgs.py", line 423, in obj_func
    return self._directional_evaluate(closure, x, t, d)
  File "/home/sigma/anaconda3/envs/mdm/lib/python3.7/site-packages/torch/optim/lbfgs.py", line 277, in _directional_evaluate
    loss = float(closure())
  File "/home/sigma/anaconda3/envs/mdm/lib/python3.7/site-packages/torch/autograd/grad_mode.py", line 26, in decorate_context
    return func(*args, **kwargs)
  File "/home/sigma/skibidi/motion-diffusion-model/visualize/joints2smpl/src/smplify.py", line 180, in closure
    loss.backward()
  File "/home/sigma/anaconda3/envs/mdm/lib/python3.7/site-packages/torch/tensor.py", line 221, in backward
    torch.autograd.backward(self, gradient, retain_graph, create_graph)
  File "/home/sigma/anaconda3/envs/mdm/lib/python3.7/site-packages/torch/autograd/__init__.py", line 132, in backward
    allow_unreachable=True)  # allow_unreachable flag
KeyboardInterrupt
